// Vitest Snapshot v1, https://vitest.dev/guide/snapshot.html

exports[`the format constant > covers every key the store serializes 1`] = `
{
  "format": 7,
  "keys": [
    "bodies",
    "bodyDetailedFootfallState",
    "bodyFootfallFlag",
    "bodyMappedFlag",
    "codexLoggedSpecies",
    "commanderName",
    "commanderPos",
    "currentSystem",
    "currentSystemAddress",
    "dssFirstMapperEligibleByBodyKey",
    "dssMappedBodyKeys",
    "dssMappingEfficientByBodyKey",
    "explorationScans",
    "firstFootfallBodies",
    "footJournalContextBuffer",
    "format",
    "fssAllBodiesCompleteSystems",
    "fssAllBodiesFoundCountBySystem",
    "fssBodySignalsBodyKeys",
    "fssDiscoveryScanBySystem",
    "landingMinutesSamples",
    "lastEventIso",
    "lastFsdJumpDistLy",
    "lastFsdJumpFuelUsedT",
    "loadoutFuelMainCapacityT",
    "loadoutFuelReserveCapacityT",
    "loadoutMaxJumpRangeLy",
    "mainStarWasDiscoveredBySystem",
    "orbitParentPlanetByBody",
    "organicAnalyseByKey",
    "overlayTouchdownBodyKey",
    "pendingOrganicSales",
    "remainingJumpsInRoute",
    "samplingMinutesSamples",
    "soldExplorationScans",
    "surfaceShipMark",
    "systemPositions",
    "viewingSystemAddress",
    "visitedSystems",
  ],
}
`;
